\BOOKMARK [0][-]{chapter*.1}{\376\377\004\020\004\035\004\036\004\042\004\020\004\046\004\006\004\057}{}% 1
\BOOKMARK [0][-]{chapter*.2}{\376\377\000A\000B\000S\000T\000R\000A\000C\000T}{}% 2
\BOOKMARK [0][-]{chapter*.3}{\376\377\004\041\004\037\004\030\004\041\004\036\004\032\000\040\004\041\004\032\004\036\004\040\004\036\004\047\004\025\004\035\004\054}{}% 3
\BOOKMARK [0][-]{chapter.1}{\376\377\004\022\004\041\004\042\004\043\004\037}{}% 4
\BOOKMARK [1][-]{section.1.1}{\376\377\004\032\004\076\004\075\004\102\004\065\004\072\004\101\004\102\000\040\004\102\004\060\000\040\004\060\004\072\004\102\004\103\004\060\004\073\004\114\004\075\004\126\004\101\004\102\004\114}{chapter.1}% 5
\BOOKMARK [1][-]{section.1.2}{\376\377\004\037\004\100\004\076\004\061\004\073\004\065\004\074\004\060}{chapter.1}% 6
\BOOKMARK [1][-]{section.1.3}{\376\377\004\034\004\065\004\102\004\060\000\040\004\102\004\060\000\040\004\067\004\060\004\062\004\064\004\060\004\075\004\075\004\117}{chapter.1}% 7
\BOOKMARK [1][-]{section.1.4}{\376\377\004\022\004\070\004\074\004\076\004\063\004\070\000\040\004\064\004\076\000\040\004\101\004\070\004\101\004\102\004\065\004\074\004\070}{chapter.1}% 8
\BOOKMARK [2][-]{subsection.1.4.1}{\376\377\004\044\004\103\004\075\004\072\004\106\004\126\004\076\004\075\004\060\004\073\004\114\004\075\004\126\000\040\004\062\004\070\004\074\004\076\004\063\004\070}{section.1.4}% 9
\BOOKMARK [2][-]{subsection.1.4.2}{\376\377\004\035\004\065\004\104\004\103\004\075\004\072\004\106\004\126\004\076\004\075\004\060\004\073\004\114\004\075\004\126\000\040\004\062\004\070\004\074\004\076\004\063\004\070}{section.1.4}% 10
\BOOKMARK [1][-]{section.1.5}{\376\377\004\037\004\100\004\060\004\072\004\102\004\070\004\107\004\075\004\060\000\040\004\106\004\126\004\075\004\075\004\126\004\101\004\102\004\114}{chapter.1}% 11
\BOOKMARK [1][-]{section.1.6}{\376\377\004\041\004\102\004\100\004\103\004\072\004\102\004\103\004\100\004\060\000\040\004\100\004\076\004\061\004\076\004\102\004\070}{chapter.1}% 12
\BOOKMARK [1][-]{section.1.7}{\376\377\004\036\004\061\004\074\004\065\004\066\004\065\004\075\004\075\004\117}{chapter.1}% 13
\BOOKMARK [0][-]{chapter.2}{\376\377\004\036\004\023\004\033\004\057\004\024\000\040\004\033\004\006\004\042\004\025\004\040\004\020\004\042\004\043\004\040\004\030}{}% 14
\BOOKMARK [1][-]{section.2.1}{\376\377\004\020\004\100\004\105\004\126\004\102\004\065\004\072\004\102\004\103\004\100\004\070\000\040\004\064\004\073\004\117\000\040\004\076\004\061\004\100\004\076\004\061\004\072\004\070\000\040\004\077\004\076\004\102\004\076\004\072\004\076\004\062\004\070\004\105\000\040\004\064\004\060\004\075\004\070\004\105}{chapter.2}% 15
\BOOKMARK [2][-]{subsection.2.1.1}{\376\377\000L\000a\000m\000b\000d\000a\000-\004\060\004\100\004\105\004\126\004\102\004\065\004\072\004\102\004\103\004\100\004\060}{section.2.1}% 16
\BOOKMARK [2][-]{subsection.2.1.2}{\376\377\000K\000a\000p\000p\000a\000-\004\060\004\100\004\105\004\126\004\102\004\065\004\072\004\102\004\103\004\100\004\060}{section.2.1}% 17
\BOOKMARK [2][-]{subsection.2.1.3}{\376\377\004\020\004\100\004\105\004\126\004\102\004\065\004\072\004\102\004\103\004\100\004\070\000\040\004\064\004\073\004\117\000\040\000M\000L\000-\004\101\004\070\004\101\004\102\004\065\004\074}{section.2.1}% 18
\BOOKMARK [1][-]{section.2.2}{\376\377\004\037\004\100\004\076\004\074\004\070\004\101\004\073\004\076\004\062\004\070\004\071\000\040\000I\000o\000T\000\040\004\074\004\076\004\075\004\126\004\102\004\076\004\100\004\070\004\075\004\063}{chapter.2}% 19
\BOOKMARK [2][-]{subsection.2.2.1}{\376\377\004\006\004\101\004\075\004\103\004\116\004\107\004\126\000\040\004\077\004\073\004\060\004\102\004\104\004\076\004\100\004\074\004\070}{section.2.2}% 20
\BOOKMARK [2][-]{subsection.2.2.2}{\376\377\004\037\004\076\004\100\004\126\004\062\004\075\004\117\004\075\004\075\004\117\000\040\004\104\004\103\004\075\004\072\004\106\004\126\004\076\004\075\004\060\004\073\004\114\004\075\004\076\004\101\004\102\004\126}{section.2.2}% 21
\BOOKMARK [2][-]{subsection.2.2.3}{\376\377\004\022\004\070\004\072\004\073\004\070\004\072\004\070\000\040\004\102\004\060\000\040\004\076\004\061\004\074\004\065\004\066\004\065\004\075\004\075\004\117}{section.2.2}% 22
\BOOKMARK [1][-]{section.2.3}{\376\377\004\020\004\073\004\063\004\076\004\100\004\070\004\102\004\074\004\070\000\040\004\062\004\070\004\117\004\062\004\073\004\065\004\075\004\075\004\117\000\040\004\060\004\075\004\076\004\074\004\060\004\073\004\126\004\071}{chapter.2}% 23
\BOOKMARK [2][-]{subsection.2.3.1}{\376\377\004\037\004\126\004\064\004\105\004\076\004\064\004\070\000\040\004\061\004\065\004\067\000\040\004\062\004\107\004\070\004\102\004\065\004\073\004\117\000\040\004\064\004\073\004\117\000\040\004\107\004\060\004\101\004\076\004\062\004\070\004\105\000\040\004\100\004\117\004\064\004\126\004\062}{section.2.3}% 24
\BOOKMARK [2][-]{subsection.2.3.2}{\376\377\000I\000s\000o\000l\000a\000t\000i\000o\000n\000\040\000F\000o\000r\000e\000s\000t\000\040\004\064\004\073\004\117\000\040\004\062\004\070\004\117\004\062\004\073\004\065\004\075\004\075\004\117\000\040\004\060\004\075\004\076\004\074\004\060\004\073\004\126\004\071}{section.2.3}% 25
\BOOKMARK [2][-]{subsection.2.3.3}{\376\377\004\037\004\126\004\064\004\105\004\076\004\064\004\070\000\040\004\067\000\040\004\062\004\107\004\070\004\102\004\065\004\073\004\065\004\074\000\040\004\064\004\073\004\117\000\040\000I\000o\000T\000-\004\101\004\070\004\101\004\102\004\065\004\074\000\040\004\067\000\040\004\075\004\065\004\067\004\061\004\060\004\073\004\060\004\075\004\101\004\076\004\062\004\060\004\075\004\070\004\074\004\070\000\040\004\064\004\060\004\075\004\070\004\074\004\070}{section.2.3}% 26
\BOOKMARK [2][-]{subsection.2.3.4}{\376\377\004\037\004\076\004\100\004\126\004\062\004\075\004\117\004\075\004\075\004\117\000\040\004\077\004\126\004\064\004\105\004\076\004\064\004\126\004\062\000\040\004\064\004\073\004\117\000\040\000I\000o\000T}{section.2.3}% 27
\BOOKMARK [1][-]{section.2.4}{\376\377\004\037\004\100\004\060\004\072\004\102\004\070\004\072\004\070\000\040\000M\000L\000O\000p\000s}{chapter.2}% 28
\BOOKMARK [2][-]{subsection.2.4.1}{\376\377\004\022\004\065\004\100\004\101\004\126\004\076\004\075\004\103\004\062\004\060\004\075\004\075\004\117\000\040\004\102\004\060\000\040\004\100\004\065\004\124\004\101\004\102\004\100\000\040\004\074\004\076\004\064\004\065\004\073\004\065\004\071}{section.2.4}% 29
\BOOKMARK [2][-]{subsection.2.4.2}{\376\377\004\021\004\065\004\067\004\077\004\065\004\100\004\065\004\100\004\062\004\075\004\065\000\040\004\075\004\060\004\062\004\107\004\060\004\075\004\075\004\117}{section.2.4}% 30
\BOOKMARK [2][-]{subsection.2.4.3}{\376\377\004\034\004\076\004\075\004\126\004\102\004\076\004\100\004\070\004\075\004\063\000\040\004\102\004\060\000\040\004\062\004\070\004\117\004\062\004\073\004\065\004\075\004\075\004\117\000\040\004\064\004\100\004\065\004\071\004\104\004\103}{section.2.4}% 31
\BOOKMARK [2][-]{subsection.2.4.4}{\376\377\004\022\004\070\004\101\004\075\004\076\004\062\004\076\004\072}{section.2.4}% 32
\BOOKMARK [1][-]{section.2.5}{\376\377\004\034\004\103\004\073\004\114\004\102\004\070\004\102\004\065\004\075\004\060\004\075\004\102\004\075\004\060\000\040\004\060\004\100\004\105\004\126\004\102\004\065\004\072\004\102\004\103\004\100\004\060}{chapter.2}% 33
\BOOKMARK [2][-]{subsection.2.5.1}{\376\377\004\034\004\076\004\064\004\065\004\073\004\126\000\040\004\126\004\067\004\076\004\073\004\117\004\106\004\126\004\127\000\040\004\064\004\060\004\075\004\070\004\105}{section.2.5}% 34
\BOOKMARK [2][-]{subsection.2.5.2}{\376\377\004\034\004\126\004\100\004\072\004\103\004\062\004\060\004\075\004\075\004\117\000\040\004\111\004\076\004\064\004\076\000\040\004\061\004\065\004\067\004\077\004\065\004\072\004\070}{section.2.5}% 35
\BOOKMARK [0][-]{chapter.3}{\376\377\004\034\004\025\004\042\004\036\004\024\004\036\004\033\004\036\004\023\004\006\004\057}{}% 36
\BOOKMARK [1][-]{section.3.1}{\376\377\004\034\004\065\004\102\004\076\004\064\004\070\000\040\004\064\004\076\004\101\004\073\004\126\004\064\004\066\004\065\004\075\004\075\004\117}{chapter.3}% 37
\BOOKMARK [1][-]{section.3.2}{\376\377\004\037\004\126\004\064\004\105\004\126\004\064\000\040\004\064\004\076\000\040\004\100\004\076\004\067\004\100\004\076\004\061\004\072\004\070}{chapter.3}% 38
\BOOKMARK [1][-]{section.3.3}{\376\377\004\022\004\070\004\061\004\126\004\100\000\040\004\102\004\065\004\105\004\075\004\076\004\073\004\076\004\063\004\126\004\071}{chapter.3}% 39
\BOOKMARK [1][-]{section.3.4}{\376\377\004\020\004\100\004\105\004\126\004\102\004\065\004\072\004\102\004\103\004\100\004\060\000\040\004\101\004\070\004\101\004\102\004\065\004\074\004\070}{chapter.3}% 40
\BOOKMARK [1][-]{section.3.5}{\376\377\004\037\004\076\004\102\004\076\004\072\004\070\000\040\004\064\004\060\004\075\004\070\004\105}{chapter.3}% 41
\BOOKMARK [1][-]{section.3.6}{\376\377\004\040\004\065\004\060\004\073\004\126\004\067\004\060\004\106\004\126\004\117\000\040\004\072\004\073\004\116\004\107\004\076\004\062\004\070\004\105\000\040\004\072\004\076\004\074\004\077\004\076\004\075\004\065\004\075\004\102\004\126\004\062}{chapter.3}% 42
\BOOKMARK [2][-]{subsection.3.6.1}{\376\377\004\041\004\105\004\065\004\074\004\060\000\040\004\061\004\060\004\067\004\070\000\040\004\064\004\060\004\075\004\070\004\105}{section.3.6}% 43
\BOOKMARK [2][-]{subsection.3.6.2}{\376\377\004\032\004\076\004\075\004\104\004\126\004\063\004\103\004\100\004\060\004\106\004\126\004\117\000\040\004\077\004\076\004\102\004\076\004\072\004\076\004\062\004\076\004\127\000\040\004\076\004\061\004\100\004\076\004\061\004\072\004\070}{section.3.6}% 44
\BOOKMARK [2][-]{subsection.3.6.3}{\376\377\000A\000P\000I\000\040\004\102\004\060\000\040\004\062\004\065\004\061\000-\004\126\004\075\004\102\004\065\004\100\004\104\004\065\004\071\004\101}{section.3.6}% 45
\BOOKMARK [1][-]{section.3.7}{\376\377\004\041\004\102\004\100\004\060\004\102\004\065\004\063\004\126\004\127\000\040\004\102\004\065\004\101\004\102\004\103\004\062\004\060\004\075\004\075\004\117}{chapter.3}% 46
\BOOKMARK [1][-]{section.3.8}{\376\377\004\032\004\076\004\075\004\102\004\065\004\071\004\075\004\065\004\100\004\070\004\067\004\060\004\106\004\126\004\117\000\040\004\102\004\060\000\040\004\100\004\076\004\067\004\063\004\076\004\100\004\102\004\060\004\075\004\075\004\117}{chapter.3}% 47
\BOOKMARK [1][-]{section.3.9}{\376\377\004\036\004\061\004\074\004\065\004\066\004\065\004\075\004\075\004\117\000\040\004\074\004\065\004\102\004\076\004\064\004\076\004\073\004\076\004\063\004\126\004\127}{chapter.3}% 48
\BOOKMARK [1][-]{section.3.10}{\376\377\004\022\004\070\004\101\004\075\004\076\004\062\004\072\004\070\000\040\004\064\004\076\000\040\004\100\004\076\004\067\004\064\004\126\004\073\004\103}{chapter.3}% 49
\BOOKMARK [0][-]{chapter.4}{\376\377\004\040\004\025\004\027\004\043\004\033\004\054\004\042\004\020\004\042\004\030\000\040\004\042\004\020\000\040\004\036\004\021\004\023\004\036\004\022\004\036\004\040\004\025\004\035\004\035\004\057}{}% 50
\BOOKMARK [1][-]{section.4.1}{\376\377\004\040\004\065\004\060\004\073\004\126\004\067\004\076\004\062\004\060\004\075\004\126\000\040\004\104\004\103\004\075\004\072\004\106\004\126\004\127\000\040\004\102\004\060\000\040\004\060\004\100\004\105\004\126\004\102\004\065\004\072\004\102\004\103\004\100\004\060}{chapter.4}% 51
\BOOKMARK [1][-]{section.4.2}{\376\377\004\037\004\100\004\076\004\106\004\065\004\101\000\040\004\100\004\076\004\067\004\100\004\076\004\061\004\072\004\070\000\040\004\102\004\060\000\040\004\102\004\065\004\105\004\075\004\126\004\107\004\075\004\126\000\040\004\100\004\126\004\110\004\065\004\075\004\075\004\117}{chapter.4}% 52
\BOOKMARK [1][-]{section.4.3}{\376\377\004\042\004\065\004\101\004\102\004\103\004\062\004\060\004\075\004\075\004\117\000\040\004\101\004\070\004\101\004\102\004\065\004\074\004\070}{chapter.4}% 53
\BOOKMARK [1][-]{section.4.4}{\376\377\004\037\004\076\004\100\004\126\004\062\004\075\004\117\004\075\004\075\004\117\000\040\004\067\000\040\004\077\004\076\004\107\004\060\004\102\004\072\004\076\004\062\004\070\004\074\004\070\000\040\004\076\004\107\004\126\004\072\004\103\004\062\004\060\004\075\004\075\004\117\004\074\004\070}{chapter.4}% 54
\BOOKMARK [1][-]{section.4.5}{\376\377\004\042\004\100\004\103\004\064\004\075\004\076\004\111\004\126\000\040\004\102\004\060\000\040\004\101\004\077\004\076\004\101\004\076\004\061\004\070\000\040\004\127\004\105\000\040\004\077\004\076\004\064\004\076\004\073\004\060\004\075\004\075\004\117}{chapter.4}% 55
\BOOKMARK [1][-]{section.4.6}{\376\377\004\037\004\076\004\100\004\126\004\062\004\075\004\117\004\075\004\075\004\117\000\040\004\067\000\040\004\126\004\101\004\075\004\103\004\116\004\107\004\070\004\074\004\070\000\040\004\100\004\126\004\110\004\065\004\075\004\075\004\117\004\074\004\070}{chapter.4}% 56
\BOOKMARK [1][-]{section.4.7}{\376\377\004\037\004\126\004\064\004\101\004\103\004\074\004\076\004\072\000\040\004\100\004\065\004\067\004\103\004\073\004\114\004\102\004\060\004\102\004\126\004\062}{chapter.4}% 57
\BOOKMARK [0][-]{chapter.5}{\376\377\004\022\004\030\004\041\004\035\004\036\004\022\004\032\004\030}{}% 58
